// Jest Snapshot v1, https://goo.gl/fbAQLP

exports[`Label Component Should render without errors 1`] = `
<label
  debug={true}
/>
`;
