// Jest Snapshot v1, https://goo.gl/fbAQLP

exports[`Button Component Should render without errors 1`] = `
<button
  className="btn undefined"
  disabled={false}
/>
`;
