// Jest Snapshot v1, https://goo.gl/fbAQLP

exports[`Sign In Component Should render along with children componenet 1`] = `
<BrowserRouter>
  <Router
    history={
      Object {
        "action": "POP",
        "block": [Function],
        "createHref": [Function],
        "go": [Function],
        "goBack": [Function],
        "goForward": [Function],
        "length": 1,
        "listen": [Function],
        "location": Object {
          "hash": "",
          "pathname": "/",
          "search": "",
          "state": undefined,
        },
        "push": [Function],
        "replace": [Function],
      }
    }
  >
    <Connect(SignIn)
      store={
        Object {
          "dispatch": [Function],
          "getState": [Function],
          "replaceReducer": [Function],
          "subscribe": [Function],
          Symbol(observable): [Function],
        }
      }
    >
      <SignIn
        cleanUp={[Function]}
        error={null}
        isAuthenticated={false}
        isCompleted={false}
        isLoading={false}
        onSignIn={[Function]}
        socialSignIn={[Function]}
        store={
          Object {
            "dispatch": [Function],
            "getState": [Function],
            "replaceReducer": [Function],
            "subscribe": [Function],
            Symbol(observable): [Function],
          }
        }
        user={Object {}}
      >
        <div
          className="signin"
        >
          <div
            className="bg card-wrapper flex justify-center items-center"
          >
            <div
              className="card p-10 my-10 max-w-118 min-w-96 flex-col-reverse md:flex-row sm:p-4 lg:px-10 max-w-108 sm:max-w-108 md:px-4 md:py-10 md:max-w-220"
            >
              <form
                className="left-con flex flex-col flex-grow sm:px-2 md:px-5 min-w-84 sm:w-full md:w-6/12"
                onSubmit={[Function]}
              >
                <h1
                  className="w-full pt-4 px-12 lg:px-16 left-0 sm:top-0  md:top-1.5 text-center md:text-left absolute m-0 p-0 text-2xl text-purple-650 font-semibold"
                >
                  Sign in
                </h1>
                <div
                  className="mb-6 md:mb-0 mt-6 pr-0 flex-grow flex flex-col justify-center w-full"
                >
                  <InputForm
                    classes="inputcon-full mb-8"
                    id="email"
                    inputClass="input text-sm py-1"
                    inputType="text"
                    labelClass="block mb-1 text-sm pl-1"
                    labelname="Email"
                    name="email"
                    onChange={[Function]}
                    pattern="^[\\\\w.]+@[\\\\w]{2,20}.[a-z]{2,10}$"
                    placeholder="johndoe@example.com"
                    title="johndoe@example.com"
                  >
                    <div
                      className="inputcon-full mb-8"
                    >
                      <Label
                        classes="block mb-1 text-sm pl-1"
                        labelname="Email"
                        name="email"
                      >
                        <label
                          className="block mb-1 text-sm pl-1"
                          htmlFor="email"
                        >
                          Email
                        </label>
                      </Label>
                      <Input
                        classes="input text-sm py-1"
                        id="email"
                        inputType="text"
                        name="email"
                        onChange={[Function]}
                        pattern="^[\\\\w.]+@[\\\\w]{2,20}.[a-z]{2,10}$"
                        placeholder="johndoe@example.com"
                        title="johndoe@example.com"
                      >
                        <input
                          className="forminput rounded py-2 bg-purple-150 input text-sm py-1"
                          id="email"
                          name="email"
                          onChange={[Function]}
                          pattern="^[\\\\w.]+@[\\\\w]{2,20}.[a-z]{2,10}$"
                          placeholder="johndoe@example.com"
                          required={true}
                          title="johndoe@example.com"
                          type="text"
                        />
                      </Input>
                    </div>
                  </InputForm>
                  <InputForm
                    classes="inputcon-full"
                    id="password"
                    inputClass="input text-sm"
                    inputType="password"
                    labelClass="block mb-1 text-sm pl-1"
                    labelname="Password"
                    name="password"
                    onChange={[Function]}
                    pattern="^[\\\\w@.]{7,20}$"
                    placeholder="Password"
                    title="Password is invalid"
                  >
                    <div
                      className="inputcon-full"
                    >
                      <Label
                        classes="block mb-1 text-sm pl-1"
                        labelname="Password"
                        name="password"
                      >
                        <label
                          className="block mb-1 text-sm pl-1"
                          htmlFor="password"
                        >
                          Password
                        </label>
                      </Label>
                      <Input
                        classes="input text-sm"
                        id="password"
                        inputType="password"
                        name="password"
                        onChange={[Function]}
                        pattern="^[\\\\w@.]{7,20}$"
                        placeholder="Password"
                        title="Password is invalid"
                      >
                        <input
                          className="forminput rounded py-2 bg-purple-150 input text-sm"
                          id="password"
                          name="password"
                          onChange={[Function]}
                          pattern="^[\\\\w@.]{7,20}$"
                          placeholder="Password"
                          required={true}
                          title="Password is invalid"
                          type="password"
                        />
                      </Input>
                    </div>
                  </InputForm>
                </div>
                <Link
                  className="flex items-center text-purple-650 text-sm mx-2 mb-6 cursor-pointer"
                  to="/reset-password"
                >
                  <a
                    className="flex items-center text-purple-650 text-sm mx-2 mb-6 cursor-pointer"
                    href="/reset-password"
                    onClick={[Function]}
                  >
                    Forgot password ?
                  </a>
                </Link>
                <div
                  className="w-full flex flex-col-reverse items-center mb-4 md:mb-0 md:mt-4 md:flex-row md:justify-between"
                >
                  <p
                    className="flex items-center mx-2 my-0 text-sm"
                  >
                    Not a Member?
                    <Link
                      className="text-purple-650 ml-2 font-semibold cursor-pointer"
                      to="/signup"
                    >
                      <a
                        className="text-purple-650 ml-2 font-semibold cursor-pointer"
                        href="/signup"
                        onClick={[Function]}
                      >
                        Sign up
                      </a>
                    </Link>
                  </p>
                  <Button
                    classes="btn-purple w-6/12 md:mb-0 mb-4 md:w-1/3 mx-2"
                    isSubmit={false}
                    name="Login"
                    type="submit"
                  >
                    <button
                      className="btn btn-purple w-6/12 md:mb-0 mb-4 md:w-1/3 mx-2"
                      disabled={false}
                      type="submit"
                    >
                      Login
                    </button>
                  </Button>
                </div>
              </form>
              <div
                className=" flex md:flex flex-grow flex-col items-center relative"
              >
                <hr
                  className="vline sm:hidden md:block"
                />
                <span
                  className="sm:font-semibold md:font-normal"
                >
                  OR
                </span>
                <hr
                  className="vline sm:hidden md:block"
                />
              </div>
              <div
                className="right-con mt-10 mb-4 md:my-0 flex justify-center min-w-84 sm:w-full md:w-5/12"
              >
                <img
                  alt="Authors Haven"
                  className="mb-4 hidden md:block sm:hidden lg:block"
                  src="test-file-stub"
                />
                <Button
                  classes="w-64 flex items-center justify-around shadow-md rounded-lg mx-2 my-3 text-sm"
                  id="google"
                  name="Login"
                  onClick={[Function]}
                  type="button"
                >
                  <button
                    className="btn w-64 flex items-center justify-around shadow-md rounded-lg mx-2 my-3 text-sm"
                    disabled={false}
                    id="google"
                    onClick={[Function]}
                    type="button"
                  >
                    <img
                      alt="Authors Haven"
                      src="test-file-stub"
                    />
                    Sign in with Google
                  </button>
                </Button>
                <Button
                  classes="w-64 flex items-center justify-around shadow-md rounded-lg mx-2 my-3 text-sm"
                  id="facebook"
                  name="Login"
                  onClick={[Function]}
                  type="button"
                >
                  <button
                    className="btn w-64 flex items-center justify-around shadow-md rounded-lg mx-2 my-3 text-sm"
                    disabled={false}
                    id="facebook"
                    onClick={[Function]}
                    type="button"
                  >
                    <img
                      alt="Authors Haven"
                      src="test-file-stub"
                    />
                    Sign in with Facebook
                  </button>
                </Button>
                <Button
                  classes="w-64 flex items-center justify-around shadow-md rounded-lg mx-2 my-3 text-sm"
                  id="twitter"
                  name="Login"
                  onClick={[Function]}
                  type="button"
                >
                  <button
                    className="btn w-64 flex items-center justify-around shadow-md rounded-lg mx-2 my-3 text-sm"
                    disabled={false}
                    id="twitter"
                    onClick={[Function]}
                    type="button"
                  >
                    <img
                      alt="Authors Haven"
                      src="test-file-stub"
                    />
                    Sign in with Twitter
                  </button>
                </Button>
              </div>
            </div>
          </div>
        </div>
      </SignIn>
    </Connect(SignIn)>
  </Router>
</BrowserRouter>
`;

exports[`Sign In Component Should render without errors 1`] = `
<Router
  history={
    Object {
      "action": "POP",
      "block": [Function],
      "createHref": [Function],
      "go": [Function],
      "goBack": [Function],
      "goForward": [Function],
      "length": 1,
      "listen": [Function],
      "location": Object {
        "hash": "",
        "pathname": "/",
        "search": "",
        "state": undefined,
      },
      "push": [Function],
      "replace": [Function],
    }
  }
>
  <Connect(SignIn)
    store={
      Object {
        "dispatch": [Function],
        "getState": [Function],
        "replaceReducer": [Function],
        "subscribe": [Function],
        Symbol(observable): [Function],
      }
    }
  />
</Router>
`;
