// Jest Snapshot v1, https://goo.gl/fbAQLP

exports[`Input Component Should render without errors 1`] = `
<input
  className="forminput rounded py-2 bg-purple-150 undefined"
  required={true}
/>
`;
